Archive member included to satisfy reference by file (symbol)

/usr/lib/gcc/avr/4.9.2/avr5/libgcc.a(_exit.o)
                              /usr/lib/gcc/avr/4.9.2/../../../avr/lib/avr5/crtatmega32u4.o (exit)
/usr/lib/gcc/avr/4.9.2/avr5/libgcc.a(_tablejump2.o)
                              ../LUFA/Drivers/USB/Core/DeviceStandardReq.o (__tablejump2__)
/usr/lib/gcc/avr/4.9.2/avr5/libgcc.a(_copy_data.o)
                              emu.o (__do_copy_data)
/usr/lib/gcc/avr/4.9.2/avr5/libgcc.a(_clear_bss.o)
                              emu.o (__do_clear_bss)
/usr/lib/gcc/avr/4.9.2/../../../avr/lib/avr5/libc.a(iob.o)
                              ../LUFA/Drivers/Peripheral/AVR8/Serial_AVR8.o (__iob)
/usr/lib/gcc/avr/4.9.2/../../../avr/lib/avr5/libatmega32u4.a(eerd_byte.o)
                              ../LUFA/Drivers/USB/Core/AVR8/EndpointStream_AVR8.o (eeprom_read_byte)
/usr/lib/gcc/avr/4.9.2/../../../avr/lib/avr5/libatmega32u4.a(eeupd_byte.o)
                              ../LUFA/Drivers/USB/Core/AVR8/EndpointStream_AVR8.o (eeprom_update_byte)

Allocating common symbols
Common symbol       size              file

USB_IsInitialized   0x1               ../LUFA/Drivers/USB/Core/USBTask.o
USB_DeviceState     0x1               ../LUFA/Drivers/USB/Core/USBTask.o
USB_Device_ConfigurationNumber
                    0x1               ../LUFA/Drivers/USB/Core/DeviceStandardReq.o
USB_Device_CurrentlySelfPowered
                    0x1               ../LUFA/Drivers/USB/Core/DeviceStandardReq.o
USARTSerialStream   0xe               ../LUFA/Drivers/Peripheral/AVR8/Serial_AVR8.o
USB_ControlRequest  0x8               ../LUFA/Drivers/USB/Core/USBTask.o
USB_Device_RemoteWakeupEnabled
                    0x1               ../LUFA/Drivers/USB/Core/DeviceStandardReq.o
__iob               0x6               /usr/lib/gcc/avr/4.9.2/../../../avr/lib/avr5/libc.a(iob.o)

Discarded input sections

 .data          0x0000000000000000        0x0 /usr/lib/gcc/avr/4.9.2/../../../avr/lib/avr5/crtatmega32u4.o
 .bss           0x0000000000000000        0x0 /usr/lib/gcc/avr/4.9.2/../../../avr/lib/avr5/crtatmega32u4.o
 .text          0x0000000000000000        0x0 emu.o
 .text          0x0000000000000000        0x0 Descriptors.o
 .data          0x0000000000000000        0x0 Descriptors.o
 .bss           0x0000000000000000        0x0 Descriptors.o
 .text          0x0000000000000000        0x0 ../LUFA/Drivers/USB/Class/Common/HIDParser.o
 .data          0x0000000000000000        0x0 ../LUFA/Drivers/USB/Class/Common/HIDParser.o
 .bss           0x0000000000000000        0x0 ../LUFA/Drivers/USB/Class/Common/HIDParser.o
 .text.USB_ProcessHIDReport
                0x0000000000000000      0x6d2 ../LUFA/Drivers/USB/Class/Common/HIDParser.o
 .text.USB_GetHIDReportItemInfo
                0x0000000000000000       0xbc ../LUFA/Drivers/USB/Class/Common/HIDParser.o
 .text.USB_SetHIDReportItemInfo
                0x0000000000000000       0xce ../LUFA/Drivers/USB/Class/Common/HIDParser.o
 .text.USB_GetHIDReportSize
                0x0000000000000000       0x54 ../LUFA/Drivers/USB/Class/Common/HIDParser.o
 .debug_info    0x0000000000000000      0x738 ../LUFA/Drivers/USB/Class/Common/HIDParser.o
 .debug_abbrev  0x0000000000000000      0x21e ../LUFA/Drivers/USB/Class/Common/HIDParser.o
 .debug_loc     0x0000000000000000      0xb5e ../LUFA/Drivers/USB/Class/Common/HIDParser.o
 .debug_aranges
                0x0000000000000000       0x38 ../LUFA/Drivers/USB/Class/Common/HIDParser.o
 .debug_ranges  0x0000000000000000       0xd0 ../LUFA/Drivers/USB/Class/Common/HIDParser.o
 .debug_line    0x0000000000000000      0x56f ../LUFA/Drivers/USB/Class/Common/HIDParser.o
 .debug_str     0x0000000000000000      0x6bc ../LUFA/Drivers/USB/Class/Common/HIDParser.o
 .comment       0x0000000000000000       0x12 ../LUFA/Drivers/USB/Class/Common/HIDParser.o
 .debug_frame   0x0000000000000000      0x128 ../LUFA/Drivers/USB/Class/Common/HIDParser.o
 .text          0x0000000000000000        0x0 ../LUFA/Drivers/USB/Core/AVR8/Device_AVR8.o
 .data          0x0000000000000000        0x0 ../LUFA/Drivers/USB/Core/AVR8/Device_AVR8.o
 .bss           0x0000000000000000        0x0 ../LUFA/Drivers/USB/Core/AVR8/Device_AVR8.o
 .text.USB_Device_SendRemoteWakeup
                0x0000000000000000       0x2c ../LUFA/Drivers/USB/Core/AVR8/Device_AVR8.o
 .debug_info    0x0000000000000000       0xd2 ../LUFA/Drivers/USB/Core/AVR8/Device_AVR8.o
 .debug_abbrev  0x0000000000000000       0x80 ../LUFA/Drivers/USB/Core/AVR8/Device_AVR8.o
 .debug_aranges
                0x0000000000000000       0x20 ../LUFA/Drivers/USB/Core/AVR8/Device_AVR8.o
 .debug_ranges  0x0000000000000000       0x10 ../LUFA/Drivers/USB/Core/AVR8/Device_AVR8.o
 .debug_line    0x0000000000000000       0xfe ../LUFA/Drivers/USB/Core/AVR8/Device_AVR8.o
 .debug_str     0x0000000000000000      0x1f8 ../LUFA/Drivers/USB/Core/AVR8/Device_AVR8.o
 .comment       0x0000000000000000       0x12 ../LUFA/Drivers/USB/Core/AVR8/Device_AVR8.o
 .debug_frame   0x0000000000000000       0x24 ../LUFA/Drivers/USB/Core/AVR8/Device_AVR8.o
 .text          0x0000000000000000        0x0 ../LUFA/Drivers/USB/Core/AVR8/EndpointStream_AVR8.o
 .data          0x0000000000000000        0x0 ../LUFA/Drivers/USB/Core/AVR8/EndpointStream_AVR8.o
 .bss           0x0000000000000000        0x0 ../LUFA/Drivers/USB/Core/AVR8/EndpointStream_AVR8.o
 .text.Endpoint_Discard_Stream
                0x0000000000000000       0x80 ../LUFA/Drivers/USB/Core/AVR8/EndpointStream_AVR8.o
 .text.Endpoint_Null_Stream
                0x0000000000000000       0x80 ../LUFA/Drivers/USB/Core/AVR8/EndpointStream_AVR8.o
 .text.Endpoint_Write_Stream_BE
                0x0000000000000000       0xa6 ../LUFA/Drivers/USB/Core/AVR8/EndpointStream_AVR8.o
 .text.Endpoint_Read_Stream_BE
                0x0000000000000000       0xa6 ../LUFA/Drivers/USB/Core/AVR8/EndpointStream_AVR8.o
 .text.Endpoint_Write_PStream_LE
                0x0000000000000000       0xa0 ../LUFA/Drivers/USB/Core/AVR8/EndpointStream_AVR8.o
 .text.Endpoint_Write_PStream_BE
                0x0000000000000000       0xa8 ../LUFA/Drivers/USB/Core/AVR8/EndpointStream_AVR8.o
 .text.Endpoint_Write_EStream_LE
                0x0000000000000000       0xa0 ../LUFA/Drivers/USB/Core/AVR8/EndpointStream_AVR8.o
 .text.Endpoint_Write_EStream_BE
                0x0000000000000000       0xaa ../LUFA/Drivers/USB/Core/AVR8/EndpointStream_AVR8.o
 .text.Endpoint_Read_EStream_LE
                0x0000000000000000       0xa0 ../LUFA/Drivers/USB/Core/AVR8/EndpointStream_AVR8.o
 .text.Endpoint_Read_EStream_BE
                0x0000000000000000       0xaa ../LUFA/Drivers/USB/Core/AVR8/EndpointStream_AVR8.o
 .text.Endpoint_Write_Control_Stream_BE
                0x0000000000000000       0xd0 ../LUFA/Drivers/USB/Core/AVR8/EndpointStream_AVR8.o
 .text.Endpoint_Read_Control_Stream_BE
                0x0000000000000000       0x82 ../LUFA/Drivers/USB/Core/AVR8/EndpointStream_AVR8.o
 .text.Endpoint_Write_Control_PStream_BE
                0x0000000000000000       0xce ../LUFA/Drivers/USB/Core/AVR8/EndpointStream_AVR8.o
 .text.Endpoint_Write_Control_EStream_LE
                0x0000000000000000       0xf4 ../LUFA/Drivers/USB/Core/AVR8/EndpointStream_AVR8.o
 .text.Endpoint_Write_Control_EStream_BE
                0x0000000000000000      0x100 ../LUFA/Drivers/USB/Core/AVR8/EndpointStream_AVR8.o
 .text.Endpoint_Read_Control_EStream_LE
                0x0000000000000000       0x94 ../LUFA/Drivers/USB/Core/AVR8/EndpointStream_AVR8.o
 .text.Endpoint_Read_Control_EStream_BE
                0x0000000000000000       0x92 ../LUFA/Drivers/USB/Core/AVR8/EndpointStream_AVR8.o
 .text          0x0000000000000000        0x0 ../LUFA/Drivers/USB/Core/AVR8/Endpoint_AVR8.o
 .data          0x0000000000000000        0x0 ../LUFA/Drivers/USB/Core/AVR8/Endpoint_AVR8.o
 .bss           0x0000000000000000        0x0 ../LUFA/Drivers/USB/Core/AVR8/Endpoint_AVR8.o
 .text.Endpoint_ConfigureEndpointTable
                0x0000000000000000       0x92 ../LUFA/Drivers/USB/Core/AVR8/Endpoint_AVR8.o
 .text.Endpoint_ClearEndpoints
                0x0000000000000000       0x28 ../LUFA/Drivers/USB/Core/AVR8/Endpoint_AVR8.o
 .text          0x0000000000000000        0x0 ../LUFA/Drivers/USB/Core/AVR8/Host_AVR8.o
 .data          0x0000000000000000        0x0 ../LUFA/Drivers/USB/Core/AVR8/Host_AVR8.o
 .bss           0x0000000000000000        0x0 ../LUFA/Drivers/USB/Core/AVR8/Host_AVR8.o
 .debug_info    0x0000000000000000       0x56 ../LUFA/Drivers/USB/Core/AVR8/Host_AVR8.o
 .debug_abbrev  0x0000000000000000       0x26 ../LUFA/Drivers/USB/Core/AVR8/Host_AVR8.o
 .debug_aranges
                0x0000000000000000       0x18 ../LUFA/Drivers/USB/Core/AVR8/Host_AVR8.o
 .debug_line    0x0000000000000000       0x1a ../LUFA/Drivers/USB/Core/AVR8/Host_AVR8.o
 .debug_str     0x0000000000000000      0x197 ../LUFA/Drivers/USB/Core/AVR8/Host_AVR8.o
 .comment       0x0000000000000000       0x12 ../LUFA/Drivers/USB/Core/AVR8/Host_AVR8.o
 .text          0x0000000000000000        0x0 ../LUFA/Drivers/USB/Core/AVR8/PipeStream_AVR8.o
 .data          0x0000000000000000        0x0 ../LUFA/Drivers/USB/Core/AVR8/PipeStream_AVR8.o
 .bss           0x0000000000000000        0x0 ../LUFA/Drivers/USB/Core/AVR8/PipeStream_AVR8.o
 .debug_info    0x0000000000000000       0x56 ../LUFA/Drivers/USB/Core/AVR8/PipeStream_AVR8.o
 .debug_abbrev  0x0000000000000000       0x26 ../LUFA/Drivers/USB/Core/AVR8/PipeStream_AVR8.o
 .debug_aranges
                0x0000000000000000       0x18 ../LUFA/Drivers/USB/Core/AVR8/PipeStream_AVR8.o
 .debug_line    0x0000000000000000       0x1a ../LUFA/Drivers/USB/Core/AVR8/PipeStream_AVR8.o
 .debug_str     0x0000000000000000      0x19d ../LUFA/Drivers/USB/Core/AVR8/PipeStream_AVR8.o
 .comment       0x0000000000000000       0x12 ../LUFA/Drivers/USB/Core/AVR8/PipeStream_AVR8.o
 .text          0x0000000000000000        0x0 ../LUFA/Drivers/USB/Core/AVR8/Pipe_AVR8.o
 .data          0x0000000000000000        0x0 ../LUFA/Drivers/USB/Core/AVR8/Pipe_AVR8.o
 .bss           0x0000000000000000        0x0 ../LUFA/Drivers/USB/Core/AVR8/Pipe_AVR8.o
 .debug_info    0x0000000000000000       0x56 ../LUFA/Drivers/USB/Core/AVR8/Pipe_AVR8.o
 .debug_abbrev  0x0000000000000000       0x26 ../LUFA/Drivers/USB/Core/AVR8/Pipe_AVR8.o
 .debug_aranges
                0x0000000000000000       0x18 ../LUFA/Drivers/USB/Core/AVR8/Pipe_AVR8.o
 .debug_line    0x0000000000000000       0x1a ../LUFA/Drivers/USB/Core/AVR8/Pipe_AVR8.o
 .debug_str     0x0000000000000000      0x197 ../LUFA/Drivers/USB/Core/AVR8/Pipe_AVR8.o
 .comment       0x0000000000000000       0x12 ../LUFA/Drivers/USB/Core/AVR8/Pipe_AVR8.o
 .text          0x0000000000000000        0x0 ../LUFA/Drivers/USB/Core/AVR8/USBController_AVR8.o
 .data          0x0000000000000000        0x0 ../LUFA/Drivers/USB/Core/AVR8/USBController_AVR8.o
 .bss           0x0000000000000000        0x0 ../LUFA/Drivers/USB/Core/AVR8/USBController_AVR8.o
 .text.USB_Disable
                0x0000000000000000       0x34 ../LUFA/Drivers/USB/Core/AVR8/USBController_AVR8.o
 .text          0x0000000000000000        0x0 ../LUFA/Drivers/USB/Core/AVR8/USBInterrupt_AVR8.o
 .data          0x0000000000000000        0x0 ../LUFA/Drivers/USB/Core/AVR8/USBInterrupt_AVR8.o
 .bss           0x0000000000000000        0x0 ../LUFA/Drivers/USB/Core/AVR8/USBInterrupt_AVR8.o
 .text          0x0000000000000000        0x0 ../LUFA/Drivers/USB/Core/ConfigDescriptors.o
 .data          0x0000000000000000        0x0 ../LUFA/Drivers/USB/Core/ConfigDescriptors.o
 .bss           0x0000000000000000        0x0 ../LUFA/Drivers/USB/Core/ConfigDescriptors.o
 .text.USB_GetNextDescriptor
                0x0000000000000000       0x3c ../LUFA/Drivers/USB/Core/ConfigDescriptors.o
 .text.USB_GetNextDescriptorOfType
                0x0000000000000000       0x48 ../LUFA/Drivers/USB/Core/ConfigDescriptors.o
 .text.USB_GetNextDescriptorOfTypeBefore
                0x0000000000000000       0x58 ../LUFA/Drivers/USB/Core/ConfigDescriptors.o
 .text.USB_GetNextDescriptorOfTypeAfter
                0x0000000000000000       0x3e ../LUFA/Drivers/USB/Core/ConfigDescriptors.o
 .text.USB_GetNextDescriptorComp
                0x0000000000000000       0x66 ../LUFA/Drivers/USB/Core/ConfigDescriptors.o
 .debug_info    0x0000000000000000      0x3c9 ../LUFA/Drivers/USB/Core/ConfigDescriptors.o
 .debug_abbrev  0x0000000000000000      0x176 ../LUFA/Drivers/USB/Core/ConfigDescriptors.o
 .debug_loc     0x0000000000000000      0x5bd ../LUFA/Drivers/USB/Core/ConfigDescriptors.o
 .debug_aranges
                0x0000000000000000       0x40 ../LUFA/Drivers/USB/Core/ConfigDescriptors.o
 .debug_ranges  0x0000000000000000       0x30 ../LUFA/Drivers/USB/Core/ConfigDescriptors.o
 .debug_line    0x0000000000000000      0x1ce ../LUFA/Drivers/USB/Core/ConfigDescriptors.o
 .debug_str     0x0000000000000000      0x3e0 ../LUFA/Drivers/USB/Core/ConfigDescriptors.o
 .comment       0x0000000000000000       0x12 ../LUFA/Drivers/USB/Core/ConfigDescriptors.o
 .debug_frame   0x0000000000000000      0x108 ../LUFA/Drivers/USB/Core/ConfigDescriptors.o
 .text          0x0000000000000000        0x0 ../LUFA/Drivers/USB/Core/DeviceStandardReq.o
 .data          0x0000000000000000        0x0 ../LUFA/Drivers/USB/Core/DeviceStandardReq.o
 .bss           0x0000000000000000        0x0 ../LUFA/Drivers/USB/Core/DeviceStandardReq.o
 .text          0x0000000000000000        0x0 ../LUFA/Drivers/USB/Core/Events.o
 .data          0x0000000000000000        0x0 ../LUFA/Drivers/USB/Core/Events.o
 .bss           0x0000000000000000        0x0 ../LUFA/Drivers/USB/Core/Events.o
 .text          0x0000000000000000        0x0 ../LUFA/Drivers/USB/Core/HostStandardReq.o
 .data          0x0000000000000000        0x0 ../LUFA/Drivers/USB/Core/HostStandardReq.o
 .bss           0x0000000000000000        0x0 ../LUFA/Drivers/USB/Core/HostStandardReq.o
 .debug_info    0x0000000000000000       0x56 ../LUFA/Drivers/USB/Core/HostStandardReq.o
 .debug_abbrev  0x0000000000000000       0x26 ../LUFA/Drivers/USB/Core/HostStandardReq.o
 .debug_aranges
                0x0000000000000000       0x18 ../LUFA/Drivers/USB/Core/HostStandardReq.o
 .debug_line    0x0000000000000000       0x1a ../LUFA/Drivers/USB/Core/HostStandardReq.o
 .debug_str     0x0000000000000000      0x198 ../LUFA/Drivers/USB/Core/HostStandardReq.o
 .comment       0x0000000000000000       0x12 ../LUFA/Drivers/USB/Core/HostStandardReq.o
 .text          0x0000000000000000        0x0 ../LUFA/Drivers/USB/Core/USBTask.o
 .data          0x0000000000000000        0x0 ../LUFA/Drivers/USB/Core/USBTask.o
 .bss           0x0000000000000000        0x0 ../LUFA/Drivers/USB/Core/USBTask.o
 .text          0x0000000000000000        0x0 ../LUFA/Drivers/Peripheral/AVR8/Serial_AVR8.o
 .data          0x0000000000000000        0x0 ../LUFA/Drivers/Peripheral/AVR8/Serial_AVR8.o
 .bss           0x0000000000000000        0x0 ../LUFA/Drivers/Peripheral/AVR8/Serial_AVR8.o
 .text.Serial_putchar
                0x0000000000000000       0x12 ../LUFA/Drivers/Peripheral/AVR8/Serial_AVR8.o
 .text.Serial_getchar
                0x0000000000000000       0x24 ../LUFA/Drivers/Peripheral/AVR8/Serial_AVR8.o
 .text.Serial_getchar_Blocking
                0x0000000000000000       0x1e ../LUFA/Drivers/Peripheral/AVR8/Serial_AVR8.o
 .text.Serial_SendString_P
                0x0000000000000000       0x1a ../LUFA/Drivers/Peripheral/AVR8/Serial_AVR8.o
 .text.Serial_SendString
                0x0000000000000000       0x18 ../LUFA/Drivers/Peripheral/AVR8/Serial_AVR8.o
 .text.Serial_CreateStream
                0x0000000000000000       0x3c ../LUFA/Drivers/Peripheral/AVR8/Serial_AVR8.o
 .text.Serial_CreateBlockingStream
                0x0000000000000000       0x3c ../LUFA/Drivers/Peripheral/AVR8/Serial_AVR8.o
 COMMON         0x0000000000000000        0xe ../LUFA/Drivers/Peripheral/AVR8/Serial_AVR8.o
 .text          0x0000000000000000        0x0 /usr/lib/gcc/avr/4.9.2/avr5/libgcc.a(_exit.o)
 .data          0x0000000000000000        0x0 /usr/lib/gcc/avr/4.9.2/avr5/libgcc.a(_exit.o)
 .bss           0x0000000000000000        0x0 /usr/lib/gcc/avr/4.9.2/avr5/libgcc.a(_exit.o)
 .text.libgcc.mul
                0x0000000000000000        0x0 /usr/lib/gcc/avr/4.9.2/avr5/libgcc.a(_exit.o)
 .text.libgcc.div
                0x0000000000000000        0x0 /usr/lib/gcc/avr/4.9.2/avr5/libgcc.a(_exit.o)
 .text.libgcc   0x0000000000000000        0x0 /usr/lib/gcc/avr/4.9.2/avr5/libgcc.a(_exit.o)
 .text.libgcc.prologue
                0x0000000000000000        0x0 /usr/lib/gcc/avr/4.9.2/avr5/libgcc.a(_exit.o)
 .text.libgcc.builtins
                0x0000000000000000        0x0 /usr/lib/gcc/avr/4.9.2/avr5/libgcc.a(_exit.o)
 .text.libgcc.fmul
                0x0000000000000000        0x0 /usr/lib/gcc/avr/4.9.2/avr5/libgcc.a(_exit.o)
 .text.libgcc.fixed
                0x0000000000000000        0x0 /usr/lib/gcc/avr/4.9.2/avr5/libgcc.a(_exit.o)
 .text          0x0000000000000000        0x0 /usr/lib/gcc/avr/4.9.2/avr5/libgcc.a(_tablejump2.o)
 .data          0x0000000000000000        0x0 /usr/lib/gcc/avr/4.9.2/avr5/libgcc.a(_tablejump2.o)
 .bss           0x0000000000000000        0x0 /usr/lib/gcc/avr/4.9.2/avr5/libgcc.a(_tablejump2.o)
 .text.libgcc.mul
                0x0000000000000000        0x0 /usr/lib/gcc/avr/4.9.2/avr5/libgcc.a(_tablejump2.o)
 .text.libgcc.div
                0x0000000000000000        0x0 /usr/lib/gcc/avr/4.9.2/avr5/libgcc.a(_tablejump2.o)
 .text.libgcc.prologue
                0x0000000000000000        0x0 /usr/lib/gcc/avr/4.9.2/avr5/libgcc.a(_tablejump2.o)
 .text.libgcc.builtins
                0x0000000000000000        0x0 /usr/lib/gcc/avr/4.9.2/avr5/libgcc.a(_tablejump2.o)
 .text.libgcc.fmul
                0x0000000000000000        0x0 /usr/lib/gcc/avr/4.9.2/avr5/libgcc.a(_tablejump2.o)
 .text.libgcc.fixed
                0x0000000000000000        0x0 /usr/lib/gcc/avr/4.9.2/avr5/libgcc.a(_tablejump2.o)
 .text          0x0000000000000000        0x0 /usr/lib/gcc/avr/4.9.2/avr5/libgcc.a(_copy_data.o)
 .data          0x0000000000000000        0x0 /usr/lib/gcc/avr/4.9.2/avr5/libgcc.a(_copy_data.o)
 .bss           0x0000000000000000        0x0 /usr/lib/gcc/avr/4.9.2/avr5/libgcc.a(_copy_data.o)
 .text.libgcc.mul
                0x0000000000000000        0x0 /usr/lib/gcc/avr/4.9.2/avr5/libgcc.a(_copy_data.o)
 .text.libgcc.div
                0x0000000000000000        0x0 /usr/lib/gcc/avr/4.9.2/avr5/libgcc.a(_copy_data.o)
 .text.libgcc   0x0000000000000000        0x0 /usr/lib/gcc/avr/4.9.2/avr5/libgcc.a(_copy_data.o)
 .text.libgcc.prologue
                0x0000000000000000        0x0 /usr/lib/gcc/avr/4.9.2/avr5/libgcc.a(_copy_data.o)
 .text.libgcc.builtins
                0x0000000000000000        0x0 /usr/lib/gcc/avr/4.9.2/avr5/libgcc.a(_copy_data.o)
 .text.libgcc.fmul
                0x0000000000000000        0x0 /usr/lib/gcc/avr/4.9.2/avr5/libgcc.a(_copy_data.o)
 .text.libgcc.fixed
                0x0000000000000000        0x0 /usr/lib/gcc/avr/4.9.2/avr5/libgcc.a(_copy_data.o)
 .text          0x0000000000000000        0x0 /usr/lib/gcc/avr/4.9.2/avr5/libgcc.a(_clear_bss.o)
 .data          0x0000000000000000        0x0 /usr/lib/gcc/avr/4.9.2/avr5/libgcc.a(_clear_bss.o)
 .bss           0x0000000000000000        0x0 /usr/lib/gcc/avr/4.9.2/avr5/libgcc.a(_clear_bss.o)
 .text.libgcc.mul
                0x0000000000000000        0x0 /usr/lib/gcc/avr/4.9.2/avr5/libgcc.a(_clear_bss.o)
 .text.libgcc.div
                0x0000000000000000        0x0 /usr/lib/gcc/avr/4.9.2/avr5/libgcc.a(_clear_bss.o)
 .text.libgcc   0x0000000000000000        0x0 /usr/lib/gcc/avr/4.9.2/avr5/libgcc.a(_clear_bss.o)
 .text.libgcc.prologue
                0x0000000000000000        0x0 /usr/lib/gcc/avr/4.9.2/avr5/libgcc.a(_clear_bss.o)
 .text.libgcc.builtins
                0x0000000000000000        0x0 /usr/lib/gcc/avr/4.9.2/avr5/libgcc.a(_clear_bss.o)
 .text.libgcc.fmul
                0x0000000000000000        0x0 /usr/lib/gcc/avr/4.9.2/avr5/libgcc.a(_clear_bss.o)
 .text.libgcc.fixed
                0x0000000000000000        0x0 /usr/lib/gcc/avr/4.9.2/avr5/libgcc.a(_clear_bss.o)
 .text          0x0000000000000000        0x0 /usr/lib/gcc/avr/4.9.2/../../../avr/lib/avr5/libc.a(iob.o)
 .data          0x0000000000000000        0x0 /usr/lib/gcc/avr/4.9.2/../../../avr/lib/avr5/libc.a(iob.o)
 .bss           0x0000000000000000        0x0 /usr/lib/gcc/avr/4.9.2/../../../avr/lib/avr5/libc.a(iob.o)
 .comment       0x0000000000000000       0x12 /usr/lib/gcc/avr/4.9.2/../../../avr/lib/avr5/libc.a(iob.o)
 COMMON         0x0000000000000000        0x6 /usr/lib/gcc/avr/4.9.2/../../../avr/lib/avr5/libc.a(iob.o)
 .text          0x0000000000000000        0x0 /usr/lib/gcc/avr/4.9.2/../../../avr/lib/avr5/libatmega32u4.a(eerd_byte.o)
 .data          0x0000000000000000        0x0 /usr/lib/gcc/avr/4.9.2/../../../avr/lib/avr5/libatmega32u4.a(eerd_byte.o)
 .bss           0x0000000000000000        0x0 /usr/lib/gcc/avr/4.9.2/../../../avr/lib/avr5/libatmega32u4.a(eerd_byte.o)
 .text.avr-libc
                0x0000000000000000       0x10 /usr/lib/gcc/avr/4.9.2/../../../avr/lib/avr5/libatmega32u4.a(eerd_byte.o)
 .text          0x0000000000000000        0x0 /usr/lib/gcc/avr/4.9.2/../../../avr/lib/avr5/libatmega32u4.a(eeupd_byte.o)
 .data          0x0000000000000000        0x0 /usr/lib/gcc/avr/4.9.2/../../../avr/lib/avr5/libatmega32u4.a(eeupd_byte.o)
 .bss           0x0000000000000000        0x0 /usr/lib/gcc/avr/4.9.2/../../../avr/lib/avr5/libatmega32u4.a(eeupd_byte.o)
 .text.avr-libc
                0x0000000000000000       0x24 /usr/lib/gcc/avr/4.9.2/../../../avr/lib/avr5/libatmega32u4.a(eeupd_byte.o)

Memory Configuration

Name             Origin             Length             Attributes
text             0x0000000000000000 0x0000000000020000 xr
data             0x0000000000800060 0x000000000000ffa0 rw !x
eeprom           0x0000000000810000 0x0000000000010000 rw !x
fuse             0x0000000000820000 0x0000000000000400 rw !x
lock             0x0000000000830000 0x0000000000000400 rw !x
signature        0x0000000000840000 0x0000000000000400 rw !x
user_signatures  0x0000000000850000 0x0000000000000400 rw !x
*default*        0x0000000000000000 0xffffffffffffffff

Linker script and memory map

Address of section .data set to 0x800100
LOAD /usr/lib/gcc/avr/4.9.2/../../../avr/lib/avr5/crtatmega32u4.o
LOAD emu.o
LOAD Descriptors.o
LOAD ../LUFA/Drivers/USB/Class/Common/HIDParser.o
LOAD ../LUFA/Drivers/USB/Core/AVR8/Device_AVR8.o
LOAD ../LUFA/Drivers/USB/Core/AVR8/EndpointStream_AVR8.o
LOAD ../LUFA/Drivers/USB/Core/AVR8/Endpoint_AVR8.o
LOAD ../LUFA/Drivers/USB/Core/AVR8/Host_AVR8.o
LOAD ../LUFA/Drivers/USB/Core/AVR8/PipeStream_AVR8.o
LOAD ../LUFA/Drivers/USB/Core/AVR8/Pipe_AVR8.o
LOAD ../LUFA/Drivers/USB/Core/AVR8/USBController_AVR8.o
LOAD ../LUFA/Drivers/USB/Core/AVR8/USBInterrupt_AVR8.o
LOAD ../LUFA/Drivers/USB/Core/ConfigDescriptors.o
LOAD ../LUFA/Drivers/USB/Core/DeviceStandardReq.o
LOAD ../LUFA/Drivers/USB/Core/Events.o
LOAD ../LUFA/Drivers/USB/Core/HostStandardReq.o
LOAD ../LUFA/Drivers/USB/Core/USBTask.o
LOAD ../LUFA/Drivers/Peripheral/AVR8/Serial_AVR8.o
LOAD /usr/lib/gcc/avr/4.9.2/../../../avr/lib/avr5/libm.a
START GROUP
LOAD /usr/lib/gcc/avr/4.9.2/avr5/libgcc.a
LOAD /usr/lib/gcc/avr/4.9.2/../../../avr/lib/avr5/libm.a
LOAD /usr/lib/gcc/avr/4.9.2/../../../avr/lib/avr5/libc.a
LOAD /usr/lib/gcc/avr/4.9.2/../../../avr/lib/avr5/libatmega32u4.a
END GROUP

.hash
 *(.hash)

.dynsym
 *(.dynsym)

.dynstr
 *(.dynstr)

.gnu.version
 *(.gnu.version)

.gnu.version_d
 *(.gnu.version_d)

.gnu.version_r
 *(.gnu.version_r)

.rel.init
 *(.rel.init)

.rela.init
 *(.rela.init)

.rel.text
 *(.rel.text)
 *(.rel.text.*)
 *(.rel.gnu.linkonce.t*)

.rela.text
 *(.rela.text)
 *(.rela.text.*)
 *(.rela.gnu.linkonce.t*)

.rel.fini
 *(.rel.fini)

.rela.fini
 *(.rela.fini)

.rel.rodata
 *(.rel.rodata)
 *(.rel.rodata.*)
 *(.rel.gnu.linkonce.r*)

.rela.rodata
 *(.rela.rodata)
 *(.rela.rodata.*)
 *(.rela.gnu.linkonce.r*)

.rel.data
 *(.rel.data)
 *(.rel.data.*)
 *(.rel.gnu.linkonce.d*)

.rela.data
 *(.rela.data)
 *(.rela.data.*)
 *(.rela.gnu.linkonce.d*)

.rel.ctors
 *(.rel.ctors)

.rela.ctors
 *(.rela.ctors)

.rel.dtors
 *(.rel.dtors)

.rela.dtors
 *(.rela.dtors)

.rel.got
 *(.rel.got)

.rela.got
 *(.rela.got)

.rel.bss
 *(.rel.bss)

.rela.bss
 *(.rela.bss)

.rel.plt
 *(.rel.plt)

.rela.plt
 *(.rela.plt)

.text           0x0000000000000000     0x10a4
 *(.vectors)
 .vectors       0x0000000000000000       0xac /usr/lib/gcc/avr/4.9.2/../../../avr/lib/avr5/crtatmega32u4.o
                0x0000000000000000                __vectors
                0x0000000000000000                __vector_default
 *(.vectors)
 *(.progmem.gcc*)
 .progmem.gcc_sw_table.USB_Device_ProcessControlRequest
                0x00000000000000ac       0x14 ../LUFA/Drivers/USB/Core/DeviceStandardReq.o
                0x00000000000000c0                . = ALIGN (0x2)
                0x00000000000000c0                __trampolines_start = .
 *(.trampolines)
 .trampolines   0x00000000000000c0        0x0 linker stubs
 *(.trampolines*)
                0x00000000000000c0                __trampolines_end = .
 *(.progmem*)
 .progmem.data  0x00000000000000c0       0x38 emu.o
                0x00000000000000c0                buf03
                0x00000000000000f0                buff3
 .progmem.data  0x00000000000000f8      0x133 Descriptors.o
                0x00000000000000f8                ProductString
                0x0000000000000138                ManufacturerString
                0x000000000000014c                LanguageString
                0x0000000000000150                ConfigurationDescriptor
                0x0000000000000179                DeviceDescriptor
                0x000000000000018b                Report
                0x000000000000022c                . = ALIGN (0x2)
 *fill*         0x000000000000022b        0x1 
 *(.jumptables)
 *(.jumptables*)
 *(.lowtext)
 *(.lowtext*)
                0x000000000000022c                __ctors_start = .
 *(.ctors)
                0x000000000000022c                __ctors_end = .
                0x000000000000022c                __dtors_start = .
 *(.dtors)
                0x000000000000022c                __dtors_end = .
 SORT(*)(.ctors)
 SORT(*)(.dtors)
 *(.init0)
 .init0         0x000000000000022c        0x0 /usr/lib/gcc/avr/4.9.2/../../../avr/lib/avr5/crtatmega32u4.o
                0x000000000000022c                __init
 *(.init0)
 *(.init1)
 *(.init1)
 *(.init2)
 .init2         0x000000000000022c        0xc /usr/lib/gcc/avr/4.9.2/../../../avr/lib/avr5/crtatmega32u4.o
 *(.init2)
 *(.init3)
 *(.init3)
 *(.init4)
 .init4         0x0000000000000238       0x16 /usr/lib/gcc/avr/4.9.2/avr5/libgcc.a(_copy_data.o)
                0x0000000000000238                __do_copy_data
 .init4         0x000000000000024e       0x10 /usr/lib/gcc/avr/4.9.2/avr5/libgcc.a(_clear_bss.o)
                0x000000000000024e                __do_clear_bss
 *(.init4)
 *(.init5)
 *(.init5)
 *(.init6)
 *(.init6)
 *(.init7)
 *(.init7)
 *(.init8)
 *(.init8)
 *(.init9)
 .init9         0x000000000000025e        0x4 /usr/lib/gcc/avr/4.9.2/../../../avr/lib/avr5/crtatmega32u4.o
 *(.init9)
 *(.text)
 .text          0x0000000000000262        0x2 /usr/lib/gcc/avr/4.9.2/../../../avr/lib/avr5/crtatmega32u4.o
                0x0000000000000262                __vector_38
                0x0000000000000262                __vector_22
                0x0000000000000262                __vector_28
                0x0000000000000262                __vector_1
                0x0000000000000262                __vector_32
                0x0000000000000262                __vector_34
                0x0000000000000262                __vector_24
                0x0000000000000262                __vector_12
                0x0000000000000262                __bad_interrupt
                0x0000000000000262                __vector_6
                0x0000000000000262                __vector_31
                0x0000000000000262                __vector_35
                0x0000000000000262                __vector_39
                0x0000000000000262                __vector_3
                0x0000000000000262                __vector_23
                0x0000000000000262                __vector_30
                0x0000000000000262                __vector_11
                0x0000000000000262                __vector_13
                0x0000000000000262                __vector_17
                0x0000000000000262                __vector_19
                0x0000000000000262                __vector_7
                0x0000000000000262                __vector_41
                0x0000000000000262                __vector_27
                0x0000000000000262                __vector_5
                0x0000000000000262                __vector_33
                0x0000000000000262                __vector_37
                0x0000000000000262                __vector_4
                0x0000000000000262                __vector_9
                0x0000000000000262                __vector_2
                0x0000000000000262                __vector_21
                0x0000000000000262                __vector_15
                0x0000000000000262                __vector_36
                0x0000000000000262                __vector_29
                0x0000000000000262                __vector_40
                0x0000000000000262                __vector_8
                0x0000000000000262                __vector_26
                0x0000000000000262                __vector_14
                0x0000000000000262                __vector_16
                0x0000000000000262                __vector_18
                0x0000000000000262                __vector_20
                0x0000000000000262                __vector_42
                0x0000000000000264                . = ALIGN (0x2)
 *(.text.*)
 .text.send_spoof_header
                0x0000000000000264       0x3e emu.o
 .text.forceHardReset
                0x00000000000002a2       0x1a emu.o
                0x00000000000002a2                forceHardReset
 .text.__vector_25
                0x00000000000002bc      0x176 emu.o
                0x00000000000002bc                __vector_25
 .text.serial_init
                0x0000000000000432       0x2a emu.o
                0x0000000000000432                serial_init
 .text.SetupHardware
                0x000000000000045c       0x3a emu.o
                0x000000000000045c                SetupHardware
 .text.EVENT_USB_Device_Connect
                0x0000000000000496        0x2 emu.o
                0x0000000000000496                EVENT_USB_Device_Connect
 .text.EVENT_USB_Device_Disconnect
                0x0000000000000498        0x2 emu.o
                0x0000000000000498                EVENT_USB_Device_Disconnect
 .text.EVENT_USB_Device_ConfigurationChanged
                0x000000000000049a       0x10 emu.o
                0x000000000000049a                EVENT_USB_Device_ConfigurationChanged
 .text.EVENT_USB_Device_ControlRequest
                0x00000000000004aa      0x13a emu.o
                0x00000000000004aa                EVENT_USB_Device_ControlRequest
 .text.SendNextReport
                0x00000000000005e4       0x3c emu.o
                0x00000000000005e4                SendNextReport
 .text.ReceiveNextReport
                0x0000000000000620       0x6e emu.o
                0x0000000000000620                ReceiveNextReport
 .text.HID_Task
                0x000000000000068e        0xe emu.o
                0x000000000000068e                HID_Task
 .text.startup.main
                0x000000000000069c        0x8 emu.o
                0x000000000000069c                main
 .text.CALLBACK_USB_GetDescriptor
                0x00000000000006a4       0x86 Descriptors.o
                0x00000000000006a4                CALLBACK_USB_GetDescriptor
 .text.Endpoint_Write_Stream_LE
                0x000000000000072a       0x94 ../LUFA/Drivers/USB/Core/AVR8/EndpointStream_AVR8.o
                0x000000000000072a                Endpoint_Write_Stream_LE
 .text.Endpoint_Read_Stream_LE
                0x00000000000007be       0x94 ../LUFA/Drivers/USB/Core/AVR8/EndpointStream_AVR8.o
                0x00000000000007be                Endpoint_Read_Stream_LE
 .text.Endpoint_Write_Control_Stream_LE
                0x0000000000000852       0xc6 ../LUFA/Drivers/USB/Core/AVR8/EndpointStream_AVR8.o
                0x0000000000000852                Endpoint_Write_Control_Stream_LE
 .text.Endpoint_Read_Control_Stream_LE
                0x0000000000000918       0x80 ../LUFA/Drivers/USB/Core/AVR8/EndpointStream_AVR8.o
                0x0000000000000918                Endpoint_Read_Control_Stream_LE
 .text.Endpoint_Write_Control_PStream_LE
                0x0000000000000998       0xc4 ../LUFA/Drivers/USB/Core/AVR8/EndpointStream_AVR8.o
                0x0000000000000998                Endpoint_Write_Control_PStream_LE
 .text.Endpoint_ConfigureEndpoint_Prv
                0x0000000000000a5c       0x6a ../LUFA/Drivers/USB/Core/AVR8/Endpoint_AVR8.o
                0x0000000000000a5c                Endpoint_ConfigureEndpoint_Prv
 .text.Endpoint_ClearStatusStage
                0x0000000000000ac6       0x3e ../LUFA/Drivers/USB/Core/AVR8/Endpoint_AVR8.o
                0x0000000000000ac6                Endpoint_ClearStatusStage
 .text.Endpoint_WaitUntilReady
                0x0000000000000b04       0x64 ../LUFA/Drivers/USB/Core/AVR8/Endpoint_AVR8.o
                0x0000000000000b04                Endpoint_WaitUntilReady
 .text.USB_ResetInterface
                0x0000000000000b68       0x80 ../LUFA/Drivers/USB/Core/AVR8/USBController_AVR8.o
                0x0000000000000b68                USB_ResetInterface
 .text.USB_Init
                0x0000000000000be8       0x20 ../LUFA/Drivers/USB/Core/AVR8/USBController_AVR8.o
                0x0000000000000be8                USB_Init
 .text.USB_INT_DisableAllInterrupts
                0x0000000000000c08       0x10 ../LUFA/Drivers/USB/Core/AVR8/USBInterrupt_AVR8.o
                0x0000000000000c08                USB_INT_DisableAllInterrupts
 .text.USB_INT_ClearAllInterrupts
                0x0000000000000c18        0xa ../LUFA/Drivers/USB/Core/AVR8/USBInterrupt_AVR8.o
                0x0000000000000c18                USB_INT_ClearAllInterrupts
 .text.__vector_10
                0x0000000000000c22      0x18c ../LUFA/Drivers/USB/Core/AVR8/USBInterrupt_AVR8.o
                0x0000000000000c22                __vector_10
 .text.USB_Device_ProcessControlRequest
                0x0000000000000dae      0x290 ../LUFA/Drivers/USB/Core/DeviceStandardReq.o
                0x0000000000000dae                USB_Device_ProcessControlRequest
 .text.USB_Event_Stub
                0x000000000000103e        0x2 ../LUFA/Drivers/USB/Core/Events.o
                0x000000000000103e                EVENT_USB_Device_WakeUp
                0x000000000000103e                USB_Event_Stub
                0x000000000000103e                EVENT_USB_Device_Suspend
                0x000000000000103e                EVENT_USB_Device_StartOfFrame
                0x000000000000103e                EVENT_USB_Device_Reset
 .text.USB_USBTask
                0x0000000000001040       0x34 ../LUFA/Drivers/USB/Core/USBTask.o
                0x0000000000001040                USB_USBTask
 .text.Serial_SendData
                0x0000000000001074       0x20 ../LUFA/Drivers/Peripheral/AVR8/Serial_AVR8.o
                0x0000000000001074                Serial_SendData
 .text.libgcc   0x0000000000001094        0xc /usr/lib/gcc/avr/4.9.2/avr5/libgcc.a(_tablejump2.o)
                0x0000000000001094                __tablejump2__
                0x00000000000010a0                . = ALIGN (0x2)
 *(.fini9)
 .fini9         0x00000000000010a0        0x0 /usr/lib/gcc/avr/4.9.2/avr5/libgcc.a(_exit.o)
                0x00000000000010a0                exit
                0x00000000000010a0                _exit
 *(.fini9)
 *(.fini8)
 *(.fini8)
 *(.fini7)
 *(.fini7)
 *(.fini6)
 *(.fini6)
 *(.fini5)
 *(.fini5)
 *(.fini4)
 *(.fini4)
 *(.fini3)
 *(.fini3)
 *(.fini2)
 *(.fini2)
 *(.fini1)
 *(.fini1)
 *(.fini0)
 .fini0         0x00000000000010a0        0x4 /usr/lib/gcc/avr/4.9.2/avr5/libgcc.a(_exit.o)
 *(.fini0)
                0x00000000000010a4                _etext = .

.data           0x0000000000800100       0x82 load address 0x00000000000010a4
                0x0000000000800100                PROVIDE (__data_start, .)
 *(.data)
 .data          0x0000000000800100       0x82 emu.o
 *(.data*)
 *(.rodata)
 *(.rodata*)
 *(.gnu.linkonce.d*)
                0x0000000000800182                . = ALIGN (0x2)
                0x0000000000800182                _edata = .
                0x0000000000800182                PROVIDE (__data_end, .)

.bss            0x0000000000800182       0x97
                0x0000000000800182                PROVIDE (__bss_start, .)
 *(.bss)
 .bss           0x0000000000800182       0x8a emu.o
 *(.bss*)
 *(COMMON)
 COMMON         0x000000000080020c        0x3 ../LUFA/Drivers/USB/Core/DeviceStandardReq.o
                0x000000000080020c                USB_Device_ConfigurationNumber
                0x000000000080020d                USB_Device_CurrentlySelfPowered
                0x000000000080020e                USB_Device_RemoteWakeupEnabled
 COMMON         0x000000000080020f        0xa ../LUFA/Drivers/USB/Core/USBTask.o
                0x000000000080020f                USB_IsInitialized
                0x0000000000800210                USB_DeviceState
                0x0000000000800211                USB_ControlRequest
                0x0000000000800219                PROVIDE (__bss_end, .)
                0x00000000000010a4                __data_load_start = LOADADDR (.data)
                0x0000000000001126                __data_load_end = (__data_load_start + SIZEOF (.data))

.noinit         0x0000000000800219        0x0
                0x0000000000800219                PROVIDE (__noinit_start, .)
 *(.noinit*)
                0x0000000000800219                PROVIDE (__noinit_end, .)
                0x0000000000800219                _end = .
                0x0000000000800219                PROVIDE (__heap_start, .)

.eeprom         0x0000000000810000        0x0
 *(.eeprom*)
                0x0000000000810000                __eeprom_end = .

.fuse
 *(.fuse)
 *(.lfuse)
 *(.hfuse)
 *(.efuse)

.lock
 *(.lock*)

.signature
 *(.signature*)

.user_signatures
 *(.user_signatures*)

.stab
 *(.stab)

.stabstr
 *(.stabstr)

.stab.excl
 *(.stab.excl)

.stab.exclstr
 *(.stab.exclstr)

.stab.index
 *(.stab.index)

.stab.indexstr
 *(.stab.indexstr)

.comment        0x0000000000000000       0x11
 *(.comment)
 .comment       0x0000000000000000       0x11 emu.o
                                         0x12 (size before relaxing)
 .comment       0x0000000000000011       0x12 Descriptors.o
 .comment       0x0000000000000011       0x12 ../LUFA/Drivers/USB/Core/AVR8/EndpointStream_AVR8.o
 .comment       0x0000000000000011       0x12 ../LUFA/Drivers/USB/Core/AVR8/Endpoint_AVR8.o
 .comment       0x0000000000000011       0x12 ../LUFA/Drivers/USB/Core/AVR8/USBController_AVR8.o
 .comment       0x0000000000000011       0x12 ../LUFA/Drivers/USB/Core/AVR8/USBInterrupt_AVR8.o
 .comment       0x0000000000000011       0x12 ../LUFA/Drivers/USB/Core/DeviceStandardReq.o
 .comment       0x0000000000000011       0x12 ../LUFA/Drivers/USB/Core/Events.o
 .comment       0x0000000000000011       0x12 ../LUFA/Drivers/USB/Core/USBTask.o
 .comment       0x0000000000000011       0x12 ../LUFA/Drivers/Peripheral/AVR8/Serial_AVR8.o

.note.gnu.avr.deviceinfo
                0x0000000000000000       0x40
 .note.gnu.avr.deviceinfo
                0x0000000000000000       0x40 /usr/lib/gcc/avr/4.9.2/../../../avr/lib/avr5/crtatmega32u4.o

.note.gnu.build-id
 *(.note.gnu.build-id)

.debug
 *(.debug)

.line
 *(.line)

.debug_srcinfo
 *(.debug_srcinfo)

.debug_sfnames
 *(.debug_sfnames)

.debug_aranges  0x0000000000000000      0x2c0
 *(.debug_aranges)
 .debug_aranges
                0x0000000000000000       0x80 emu.o
 .debug_aranges
                0x0000000000000080       0x20 Descriptors.o
 .debug_aranges
                0x00000000000000a0       0xc8 ../LUFA/Drivers/USB/Core/AVR8/EndpointStream_AVR8.o
 .debug_aranges
                0x0000000000000168       0x40 ../LUFA/Drivers/USB/Core/AVR8/Endpoint_AVR8.o
 .debug_aranges
                0x00000000000001a8       0x30 ../LUFA/Drivers/USB/Core/AVR8/USBController_AVR8.o
 .debug_aranges
                0x00000000000001d8       0x30 ../LUFA/Drivers/USB/Core/AVR8/USBInterrupt_AVR8.o
 .debug_aranges
                0x0000000000000208       0x20 ../LUFA/Drivers/USB/Core/DeviceStandardReq.o
 .debug_aranges
                0x0000000000000228       0x20 ../LUFA/Drivers/USB/Core/Events.o
 .debug_aranges
                0x0000000000000248       0x20 ../LUFA/Drivers/USB/Core/USBTask.o
 .debug_aranges
                0x0000000000000268       0x58 ../LUFA/Drivers/Peripheral/AVR8/Serial_AVR8.o

.debug_pubnames
 *(.debug_pubnames)

.debug_info     0x0000000000000000     0x4f13
 *(.debug_info .gnu.linkonce.wi.*)
 .debug_info    0x0000000000000000      0xdf0 emu.o
 .debug_info    0x0000000000000df0      0x627 Descriptors.o
 .debug_info    0x0000000000001417     0x183a ../LUFA/Drivers/USB/Core/AVR8/EndpointStream_AVR8.o
 .debug_info    0x0000000000002c51      0x614 ../LUFA/Drivers/USB/Core/AVR8/Endpoint_AVR8.o
 .debug_info    0x0000000000003265      0x4cc ../LUFA/Drivers/USB/Core/AVR8/USBController_AVR8.o
 .debug_info    0x0000000000003731      0x674 ../LUFA/Drivers/USB/Core/AVR8/USBInterrupt_AVR8.o
 .debug_info    0x0000000000003da5      0xa53 ../LUFA/Drivers/USB/Core/DeviceStandardReq.o
 .debug_info    0x00000000000047f8       0x78 ../LUFA/Drivers/USB/Core/Events.o
 .debug_info    0x0000000000004870      0x26b ../LUFA/Drivers/USB/Core/USBTask.o
 .debug_info    0x0000000000004adb      0x438 ../LUFA/Drivers/Peripheral/AVR8/Serial_AVR8.o

.debug_abbrev   0x0000000000000000     0x1312
 *(.debug_abbrev)
 .debug_abbrev  0x0000000000000000      0x3fb emu.o
 .debug_abbrev  0x00000000000003fb      0x16d Descriptors.o
 .debug_abbrev  0x0000000000000568      0x215 ../LUFA/Drivers/USB/Core/AVR8/EndpointStream_AVR8.o
 .debug_abbrev  0x000000000000077d      0x213 ../LUFA/Drivers/USB/Core/AVR8/Endpoint_AVR8.o
 .debug_abbrev  0x0000000000000990      0x196 ../LUFA/Drivers/USB/Core/AVR8/USBController_AVR8.o
 .debug_abbrev  0x0000000000000b26      0x1d5 ../LUFA/Drivers/USB/Core/AVR8/USBInterrupt_AVR8.o
 .debug_abbrev  0x0000000000000cfb      0x2a0 ../LUFA/Drivers/USB/Core/DeviceStandardReq.o
 .debug_abbrev  0x0000000000000f9b       0x44 ../LUFA/Drivers/USB/Core/Events.o
 .debug_abbrev  0x0000000000000fdf      0x168 ../LUFA/Drivers/USB/Core/USBTask.o
 .debug_abbrev  0x0000000000001147      0x1cb ../LUFA/Drivers/Peripheral/AVR8/Serial_AVR8.o

.debug_line     0x0000000000000000     0x3034
 *(.debug_line .debug_line.* .debug_line_end)
 .debug_line    0x0000000000000000      0x720 emu.o
 .debug_line    0x0000000000000720      0x194 Descriptors.o
 .debug_line    0x00000000000008b4     0x13e9 ../LUFA/Drivers/USB/Core/AVR8/EndpointStream_AVR8.o
 .debug_line    0x0000000000001c9d      0x461 ../LUFA/Drivers/USB/Core/AVR8/Endpoint_AVR8.o
 .debug_line    0x00000000000020fe      0x2bc ../LUFA/Drivers/USB/Core/AVR8/USBController_AVR8.o
 .debug_line    0x00000000000023ba      0x42b ../LUFA/Drivers/USB/Core/AVR8/USBInterrupt_AVR8.o
 .debug_line    0x00000000000027e5      0x446 ../LUFA/Drivers/USB/Core/DeviceStandardReq.o
 .debug_line    0x0000000000002c2b       0x4f ../LUFA/Drivers/USB/Core/Events.o
 .debug_line    0x0000000000002c7a      0x14b ../LUFA/Drivers/USB/Core/USBTask.o
 .debug_line    0x0000000000002dc5      0x26f ../LUFA/Drivers/Peripheral/AVR8/Serial_AVR8.o

.debug_frame    0x0000000000000000      0x7a4
 *(.debug_frame)
 .debug_frame   0x0000000000000000      0x13c emu.o
 .debug_frame   0x000000000000013c       0x24 Descriptors.o
 .debug_frame   0x0000000000000160      0x3bc ../LUFA/Drivers/USB/Core/AVR8/EndpointStream_AVR8.o
 .debug_frame   0x000000000000051c       0x84 ../LUFA/Drivers/USB/Core/AVR8/Endpoint_AVR8.o
 .debug_frame   0x00000000000005a0       0x58 ../LUFA/Drivers/USB/Core/AVR8/USBController_AVR8.o
 .debug_frame   0x00000000000005f8       0x8c ../LUFA/Drivers/USB/Core/AVR8/USBInterrupt_AVR8.o
 .debug_frame   0x0000000000000684       0x3c ../LUFA/Drivers/USB/Core/DeviceStandardReq.o
 .debug_frame   0x00000000000006c0       0x24 ../LUFA/Drivers/USB/Core/Events.o
 .debug_frame   0x00000000000006e4       0x2c ../LUFA/Drivers/USB/Core/USBTask.o
 .debug_frame   0x0000000000000710       0x94 ../LUFA/Drivers/Peripheral/AVR8/Serial_AVR8.o

.debug_str      0x0000000000000000     0x1c0c
 *(.debug_str)
 .debug_str     0x0000000000000000      0x7e0 emu.o
                                        0x853 (size before relaxing)
 .debug_str     0x00000000000007e0      0x484 Descriptors.o
                                        0x664 (size before relaxing)
 .debug_str     0x0000000000000c64      0x3b8 ../LUFA/Drivers/USB/Core/AVR8/EndpointStream_AVR8.o
                                        0x866 (size before relaxing)
 .debug_str     0x000000000000101c      0x268 ../LUFA/Drivers/USB/Core/AVR8/Endpoint_AVR8.o
                                        0x61a (size before relaxing)
 .debug_str     0x0000000000001284      0x28a ../LUFA/Drivers/USB/Core/AVR8/USBController_AVR8.o
                                        0x559 (size before relaxing)
 .debug_str     0x000000000000150e      0x12f ../LUFA/Drivers/USB/Core/AVR8/USBInterrupt_AVR8.o
                                        0x52e (size before relaxing)
 .debug_str     0x000000000000163d      0x428 ../LUFA/Drivers/USB/Core/DeviceStandardReq.o
                                        0x9cc (size before relaxing)
 .debug_str     0x0000000000001a65       0x31 ../LUFA/Drivers/USB/Core/Events.o
                                        0x19e (size before relaxing)
 .debug_str     0x0000000000001a96       0x5b ../LUFA/Drivers/USB/Core/USBTask.o
                                        0x37f (size before relaxing)
 .debug_str     0x0000000000001af1      0x11b ../LUFA/Drivers/Peripheral/AVR8/Serial_AVR8.o
                                        0x31c (size before relaxing)

.debug_loc      0x0000000000000000     0x2f54
 *(.debug_loc)
 .debug_loc     0x0000000000000000      0x2de emu.o
 .debug_loc     0x00000000000002de      0x24b Descriptors.o
 .debug_loc     0x0000000000000529     0x1eb0 ../LUFA/Drivers/USB/Core/AVR8/EndpointStream_AVR8.o
 .debug_loc     0x00000000000023d9      0x3df ../LUFA/Drivers/USB/Core/AVR8/Endpoint_AVR8.o
 .debug_loc     0x00000000000027b8       0x49 ../LUFA/Drivers/USB/Core/AVR8/USBController_AVR8.o
 .debug_loc     0x0000000000002801      0x248 ../LUFA/Drivers/USB/Core/AVR8/USBInterrupt_AVR8.o
 .debug_loc     0x0000000000002a49      0x2e7 ../LUFA/Drivers/USB/Core/DeviceStandardReq.o
 .debug_loc     0x0000000000002d30       0x49 ../LUFA/Drivers/USB/Core/USBTask.o
 .debug_loc     0x0000000000002d79      0x1db ../LUFA/Drivers/Peripheral/AVR8/Serial_AVR8.o

.debug_macinfo
 *(.debug_macinfo)

.debug_weaknames
 *(.debug_weaknames)

.debug_funcnames
 *(.debug_funcnames)

.debug_typenames
 *(.debug_typenames)

.debug_varnames
 *(.debug_varnames)

.debug_pubtypes
 *(.debug_pubtypes)

.debug_ranges   0x0000000000000000      0x3d8
 *(.debug_ranges)
 .debug_ranges  0x0000000000000000       0x70 emu.o
 .debug_ranges  0x0000000000000070       0x10 Descriptors.o
 .debug_ranges  0x0000000000000080      0x1f8 ../LUFA/Drivers/USB/Core/AVR8/EndpointStream_AVR8.o
 .debug_ranges  0x0000000000000278       0x78 ../LUFA/Drivers/USB/Core/AVR8/Endpoint_AVR8.o
 .debug_ranges  0x00000000000002f0       0x20 ../LUFA/Drivers/USB/Core/AVR8/USBController_AVR8.o
 .debug_ranges  0x0000000000000310       0x20 ../LUFA/Drivers/USB/Core/AVR8/USBInterrupt_AVR8.o
 .debug_ranges  0x0000000000000330       0x28 ../LUFA/Drivers/USB/Core/DeviceStandardReq.o
 .debug_ranges  0x0000000000000358       0x10 ../LUFA/Drivers/USB/Core/Events.o
 .debug_ranges  0x0000000000000368       0x10 ../LUFA/Drivers/USB/Core/USBTask.o
 .debug_ranges  0x0000000000000378       0x60 ../LUFA/Drivers/Peripheral/AVR8/Serial_AVR8.o

.debug_macro
 *(.debug_macro)
OUTPUT(emu.elf elf32-avr)
LOAD linker stubs

Cross Reference Table

Symbol                                            File
CALLBACK_HIDParser_FilterHIDReportItem            ../LUFA/Drivers/USB/Class/Common/HIDParser.o
CALLBACK_USB_GetDescriptor                        Descriptors.o
                                                  ../LUFA/Drivers/USB/Core/DeviceStandardReq.o
ConfigurationDescriptor                           Descriptors.o
DeviceDescriptor                                  Descriptors.o
EVENT_USB_Device_ConfigurationChanged             emu.o
                                                  ../LUFA/Drivers/USB/Core/DeviceStandardReq.o
EVENT_USB_Device_Connect                          emu.o
                                                  ../LUFA/Drivers/USB/Core/AVR8/USBInterrupt_AVR8.o
EVENT_USB_Device_ControlRequest                   emu.o
                                                  ../LUFA/Drivers/USB/Core/DeviceStandardReq.o
EVENT_USB_Device_Disconnect                       emu.o
                                                  ../LUFA/Drivers/USB/Core/AVR8/USBInterrupt_AVR8.o
EVENT_USB_Device_Reset                            ../LUFA/Drivers/USB/Core/Events.o
                                                  ../LUFA/Drivers/USB/Core/AVR8/USBInterrupt_AVR8.o
EVENT_USB_Device_StartOfFrame                     ../LUFA/Drivers/USB/Core/Events.o
                                                  ../LUFA/Drivers/USB/Core/AVR8/USBInterrupt_AVR8.o
EVENT_USB_Device_Suspend                          ../LUFA/Drivers/USB/Core/Events.o
                                                  ../LUFA/Drivers/USB/Core/AVR8/USBInterrupt_AVR8.o
EVENT_USB_Device_WakeUp                           ../LUFA/Drivers/USB/Core/Events.o
                                                  ../LUFA/Drivers/USB/Core/AVR8/USBInterrupt_AVR8.o
Endpoint_ClearEndpoints                           ../LUFA/Drivers/USB/Core/AVR8/Endpoint_AVR8.o
Endpoint_ClearStatusStage                         ../LUFA/Drivers/USB/Core/AVR8/Endpoint_AVR8.o
                                                  ../LUFA/Drivers/USB/Core/DeviceStandardReq.o
Endpoint_ConfigureEndpointTable                   ../LUFA/Drivers/USB/Core/AVR8/Endpoint_AVR8.o
Endpoint_ConfigureEndpoint_Prv                    ../LUFA/Drivers/USB/Core/AVR8/Endpoint_AVR8.o
                                                  ../LUFA/Drivers/USB/Core/AVR8/USBInterrupt_AVR8.o
                                                  ../LUFA/Drivers/USB/Core/AVR8/USBController_AVR8.o
                                                  emu.o
Endpoint_Discard_Stream                           ../LUFA/Drivers/USB/Core/AVR8/EndpointStream_AVR8.o
Endpoint_Null_Stream                              ../LUFA/Drivers/USB/Core/AVR8/EndpointStream_AVR8.o
Endpoint_Read_Control_EStream_BE                  ../LUFA/Drivers/USB/Core/AVR8/EndpointStream_AVR8.o
Endpoint_Read_Control_EStream_LE                  ../LUFA/Drivers/USB/Core/AVR8/EndpointStream_AVR8.o
Endpoint_Read_Control_Stream_BE                   ../LUFA/Drivers/USB/Core/AVR8/EndpointStream_AVR8.o
Endpoint_Read_Control_Stream_LE                   ../LUFA/Drivers/USB/Core/AVR8/EndpointStream_AVR8.o
                                                  emu.o
Endpoint_Read_EStream_BE                          ../LUFA/Drivers/USB/Core/AVR8/EndpointStream_AVR8.o
Endpoint_Read_EStream_LE                          ../LUFA/Drivers/USB/Core/AVR8/EndpointStream_AVR8.o
Endpoint_Read_Stream_BE                           ../LUFA/Drivers/USB/Core/AVR8/EndpointStream_AVR8.o
Endpoint_Read_Stream_LE                           ../LUFA/Drivers/USB/Core/AVR8/EndpointStream_AVR8.o
                                                  emu.o
Endpoint_WaitUntilReady                           ../LUFA/Drivers/USB/Core/AVR8/Endpoint_AVR8.o
                                                  ../LUFA/Drivers/USB/Core/AVR8/EndpointStream_AVR8.o
Endpoint_Write_Control_EStream_BE                 ../LUFA/Drivers/USB/Core/AVR8/EndpointStream_AVR8.o
Endpoint_Write_Control_EStream_LE                 ../LUFA/Drivers/USB/Core/AVR8/EndpointStream_AVR8.o
Endpoint_Write_Control_PStream_BE                 ../LUFA/Drivers/USB/Core/AVR8/EndpointStream_AVR8.o
Endpoint_Write_Control_PStream_LE                 ../LUFA/Drivers/USB/Core/AVR8/EndpointStream_AVR8.o
                                                  ../LUFA/Drivers/USB/Core/DeviceStandardReq.o
                                                  emu.o
Endpoint_Write_Control_Stream_BE                  ../LUFA/Drivers/USB/Core/AVR8/EndpointStream_AVR8.o
Endpoint_Write_Control_Stream_LE                  ../LUFA/Drivers/USB/Core/AVR8/EndpointStream_AVR8.o
                                                  ../LUFA/Drivers/USB/Core/DeviceStandardReq.o
                                                  emu.o
Endpoint_Write_EStream_BE                         ../LUFA/Drivers/USB/Core/AVR8/EndpointStream_AVR8.o
Endpoint_Write_EStream_LE                         ../LUFA/Drivers/USB/Core/AVR8/EndpointStream_AVR8.o
Endpoint_Write_PStream_BE                         ../LUFA/Drivers/USB/Core/AVR8/EndpointStream_AVR8.o
Endpoint_Write_PStream_LE                         ../LUFA/Drivers/USB/Core/AVR8/EndpointStream_AVR8.o
Endpoint_Write_Stream_BE                          ../LUFA/Drivers/USB/Core/AVR8/EndpointStream_AVR8.o
Endpoint_Write_Stream_LE                          ../LUFA/Drivers/USB/Core/AVR8/EndpointStream_AVR8.o
                                                  emu.o
HID_Task                                          emu.o
LanguageString                                    Descriptors.o
ManufacturerString                                Descriptors.o
ProductString                                     Descriptors.o
ReceiveNextReport                                 emu.o
Report                                            Descriptors.o
SendNextReport                                    emu.o
Serial_CreateBlockingStream                       ../LUFA/Drivers/Peripheral/AVR8/Serial_AVR8.o
Serial_CreateStream                               ../LUFA/Drivers/Peripheral/AVR8/Serial_AVR8.o
Serial_SendData                                   ../LUFA/Drivers/Peripheral/AVR8/Serial_AVR8.o
                                                  emu.o
Serial_SendString                                 ../LUFA/Drivers/Peripheral/AVR8/Serial_AVR8.o
Serial_SendString_P                               ../LUFA/Drivers/Peripheral/AVR8/Serial_AVR8.o
Serial_getchar                                    ../LUFA/Drivers/Peripheral/AVR8/Serial_AVR8.o
Serial_getchar_Blocking                           ../LUFA/Drivers/Peripheral/AVR8/Serial_AVR8.o
Serial_putchar                                    ../LUFA/Drivers/Peripheral/AVR8/Serial_AVR8.o
SetupHardware                                     emu.o
USARTSerialStream                                 ../LUFA/Drivers/Peripheral/AVR8/Serial_AVR8.o
USB_ControlRequest                                ../LUFA/Drivers/USB/Core/USBTask.o
                                                  ../LUFA/Drivers/USB/Core/DeviceStandardReq.o
                                                  ../LUFA/Drivers/USB/Core/AVR8/Endpoint_AVR8.o
                                                  ../LUFA/Drivers/USB/Core/AVR8/EndpointStream_AVR8.o
                                                  emu.o
USB_DeviceState                                   ../LUFA/Drivers/USB/Core/USBTask.o
                                                  ../LUFA/Drivers/USB/Core/DeviceStandardReq.o
                                                  ../LUFA/Drivers/USB/Core/AVR8/USBInterrupt_AVR8.o
                                                  ../LUFA/Drivers/USB/Core/AVR8/USBController_AVR8.o
                                                  ../LUFA/Drivers/USB/Core/AVR8/Endpoint_AVR8.o
                                                  ../LUFA/Drivers/USB/Core/AVR8/EndpointStream_AVR8.o
                                                  emu.o
USB_Device_ConfigurationNumber                    ../LUFA/Drivers/USB/Core/DeviceStandardReq.o
                                                  ../LUFA/Drivers/USB/Core/AVR8/USBInterrupt_AVR8.o
                                                  ../LUFA/Drivers/USB/Core/AVR8/USBController_AVR8.o
USB_Device_CurrentlySelfPowered                   ../LUFA/Drivers/USB/Core/DeviceStandardReq.o
                                                  ../LUFA/Drivers/USB/Core/AVR8/USBController_AVR8.o
USB_Device_ProcessControlRequest                  ../LUFA/Drivers/USB/Core/DeviceStandardReq.o
                                                  ../LUFA/Drivers/USB/Core/USBTask.o
USB_Device_RemoteWakeupEnabled                    ../LUFA/Drivers/USB/Core/DeviceStandardReq.o
                                                  ../LUFA/Drivers/USB/Core/AVR8/USBController_AVR8.o
USB_Device_SendRemoteWakeup                       ../LUFA/Drivers/USB/Core/AVR8/Device_AVR8.o
USB_Disable                                       ../LUFA/Drivers/USB/Core/AVR8/USBController_AVR8.o
USB_Event_Stub                                    ../LUFA/Drivers/USB/Core/Events.o
USB_GetHIDReportItemInfo                          ../LUFA/Drivers/USB/Class/Common/HIDParser.o
USB_GetHIDReportSize                              ../LUFA/Drivers/USB/Class/Common/HIDParser.o
USB_GetNextDescriptorComp                         ../LUFA/Drivers/USB/Core/ConfigDescriptors.o
USB_GetNextDescriptorOfType                       ../LUFA/Drivers/USB/Core/ConfigDescriptors.o
USB_GetNextDescriptorOfTypeAfter                  ../LUFA/Drivers/USB/Core/ConfigDescriptors.o
USB_GetNextDescriptorOfTypeBefore                 ../LUFA/Drivers/USB/Core/ConfigDescriptors.o
USB_INT_ClearAllInterrupts                        ../LUFA/Drivers/USB/Core/AVR8/USBInterrupt_AVR8.o
                                                  ../LUFA/Drivers/USB/Core/AVR8/USBController_AVR8.o
USB_INT_DisableAllInterrupts                      ../LUFA/Drivers/USB/Core/AVR8/USBInterrupt_AVR8.o
                                                  ../LUFA/Drivers/USB/Core/AVR8/USBController_AVR8.o
USB_Init                                          ../LUFA/Drivers/USB/Core/AVR8/USBController_AVR8.o
                                                  emu.o
USB_IsInitialized                                 ../LUFA/Drivers/USB/Core/USBTask.o
                                                  ../LUFA/Drivers/USB/Core/AVR8/USBController_AVR8.o
USB_ProcessHIDReport                              ../LUFA/Drivers/USB/Class/Common/HIDParser.o
USB_ResetInterface                                ../LUFA/Drivers/USB/Core/AVR8/USBController_AVR8.o
USB_SetHIDReportItemInfo                          ../LUFA/Drivers/USB/Class/Common/HIDParser.o
USB_USBTask                                       ../LUFA/Drivers/USB/Core/USBTask.o
                                                  ../LUFA/Drivers/USB/Core/AVR8/EndpointStream_AVR8.o
                                                  emu.o
__bad_interrupt                                   /usr/lib/gcc/avr/4.9.2/../../../avr/lib/avr5/crtatmega32u4.o
__bss_end                                         /usr/lib/gcc/avr/4.9.2/avr5/libgcc.a(_clear_bss.o)
__bss_start                                       /usr/lib/gcc/avr/4.9.2/avr5/libgcc.a(_clear_bss.o)
__data_end                                        /usr/lib/gcc/avr/4.9.2/avr5/libgcc.a(_copy_data.o)
__data_load_start                                 /usr/lib/gcc/avr/4.9.2/avr5/libgcc.a(_copy_data.o)
__data_start                                      /usr/lib/gcc/avr/4.9.2/avr5/libgcc.a(_copy_data.o)
__do_clear_bss                                    /usr/lib/gcc/avr/4.9.2/avr5/libgcc.a(_clear_bss.o)
                                                  /usr/lib/gcc/avr/4.9.2/../../../avr/lib/avr5/libc.a(iob.o)
                                                  ../LUFA/Drivers/Peripheral/AVR8/Serial_AVR8.o
                                                  ../LUFA/Drivers/USB/Core/USBTask.o
                                                  ../LUFA/Drivers/USB/Core/DeviceStandardReq.o
                                                  emu.o
__do_copy_data                                    /usr/lib/gcc/avr/4.9.2/avr5/libgcc.a(_copy_data.o)
                                                  emu.o
__heap_end                                        /usr/lib/gcc/avr/4.9.2/../../../avr/lib/avr5/crtatmega32u4.o
__init                                            /usr/lib/gcc/avr/4.9.2/../../../avr/lib/avr5/crtatmega32u4.o
__iob                                             /usr/lib/gcc/avr/4.9.2/../../../avr/lib/avr5/libc.a(iob.o)
                                                  ../LUFA/Drivers/Peripheral/AVR8/Serial_AVR8.o
__stack                                           /usr/lib/gcc/avr/4.9.2/../../../avr/lib/avr5/crtatmega32u4.o
__tablejump2__                                    /usr/lib/gcc/avr/4.9.2/avr5/libgcc.a(_tablejump2.o)
                                                  ../LUFA/Drivers/USB/Core/DeviceStandardReq.o
__vector_1                                        /usr/lib/gcc/avr/4.9.2/../../../avr/lib/avr5/crtatmega32u4.o
__vector_10                                       ../LUFA/Drivers/USB/Core/AVR8/USBInterrupt_AVR8.o
                                                  /usr/lib/gcc/avr/4.9.2/../../../avr/lib/avr5/crtatmega32u4.o
__vector_11                                       /usr/lib/gcc/avr/4.9.2/../../../avr/lib/avr5/crtatmega32u4.o
__vector_12                                       /usr/lib/gcc/avr/4.9.2/../../../avr/lib/avr5/crtatmega32u4.o
__vector_13                                       /usr/lib/gcc/avr/4.9.2/../../../avr/lib/avr5/crtatmega32u4.o
__vector_14                                       /usr/lib/gcc/avr/4.9.2/../../../avr/lib/avr5/crtatmega32u4.o
__vector_15                                       /usr/lib/gcc/avr/4.9.2/../../../avr/lib/avr5/crtatmega32u4.o
__vector_16                                       /usr/lib/gcc/avr/4.9.2/../../../avr/lib/avr5/crtatmega32u4.o
__vector_17                                       /usr/lib/gcc/avr/4.9.2/../../../avr/lib/avr5/crtatmega32u4.o
__vector_18                                       /usr/lib/gcc/avr/4.9.2/../../../avr/lib/avr5/crtatmega32u4.o
__vector_19                                       /usr/lib/gcc/avr/4.9.2/../../../avr/lib/avr5/crtatmega32u4.o
__vector_2                                        /usr/lib/gcc/avr/4.9.2/../../../avr/lib/avr5/crtatmega32u4.o
__vector_20                                       /usr/lib/gcc/avr/4.9.2/../../../avr/lib/avr5/crtatmega32u4.o
__vector_21                                       /usr/lib/gcc/avr/4.9.2/../../../avr/lib/avr5/crtatmega32u4.o
__vector_22                                       /usr/lib/gcc/avr/4.9.2/../../../avr/lib/avr5/crtatmega32u4.o
__vector_23                                       /usr/lib/gcc/avr/4.9.2/../../../avr/lib/avr5/crtatmega32u4.o
__vector_24                                       /usr/lib/gcc/avr/4.9.2/../../../avr/lib/avr5/crtatmega32u4.o
__vector_25                                       emu.o
                                                  /usr/lib/gcc/avr/4.9.2/../../../avr/lib/avr5/crtatmega32u4.o
__vector_26                                       /usr/lib/gcc/avr/4.9.2/../../../avr/lib/avr5/crtatmega32u4.o
__vector_27                                       /usr/lib/gcc/avr/4.9.2/../../../avr/lib/avr5/crtatmega32u4.o
__vector_28                                       /usr/lib/gcc/avr/4.9.2/../../../avr/lib/avr5/crtatmega32u4.o
__vector_29                                       /usr/lib/gcc/avr/4.9.2/../../../avr/lib/avr5/crtatmega32u4.o
__vector_3                                        /usr/lib/gcc/avr/4.9.2/../../../avr/lib/avr5/crtatmega32u4.o
__vector_30                                       /usr/lib/gcc/avr/4.9.2/../../../avr/lib/avr5/crtatmega32u4.o
__vector_31                                       /usr/lib/gcc/avr/4.9.2/../../../avr/lib/avr5/crtatmega32u4.o
__vector_32                                       /usr/lib/gcc/avr/4.9.2/../../../avr/lib/avr5/crtatmega32u4.o
__vector_33                                       /usr/lib/gcc/avr/4.9.2/../../../avr/lib/avr5/crtatmega32u4.o
__vector_34                                       /usr/lib/gcc/avr/4.9.2/../../../avr/lib/avr5/crtatmega32u4.o
__vector_35                                       /usr/lib/gcc/avr/4.9.2/../../../avr/lib/avr5/crtatmega32u4.o
__vector_36                                       /usr/lib/gcc/avr/4.9.2/../../../avr/lib/avr5/crtatmega32u4.o
__vector_37                                       /usr/lib/gcc/avr/4.9.2/../../../avr/lib/avr5/crtatmega32u4.o
__vector_38                                       /usr/lib/gcc/avr/4.9.2/../../../avr/lib/avr5/crtatmega32u4.o
__vector_39                                       /usr/lib/gcc/avr/4.9.2/../../../avr/lib/avr5/crtatmega32u4.o
__vector_4                                        /usr/lib/gcc/avr/4.9.2/../../../avr/lib/avr5/crtatmega32u4.o
__vector_40                                       /usr/lib/gcc/avr/4.9.2/../../../avr/lib/avr5/crtatmega32u4.o
__vector_41                                       /usr/lib/gcc/avr/4.9.2/../../../avr/lib/avr5/crtatmega32u4.o
__vector_42                                       /usr/lib/gcc/avr/4.9.2/../../../avr/lib/avr5/crtatmega32u4.o
__vector_5                                        /usr/lib/gcc/avr/4.9.2/../../../avr/lib/avr5/crtatmega32u4.o
__vector_6                                        /usr/lib/gcc/avr/4.9.2/../../../avr/lib/avr5/crtatmega32u4.o
__vector_7                                        /usr/lib/gcc/avr/4.9.2/../../../avr/lib/avr5/crtatmega32u4.o
__vector_8                                        /usr/lib/gcc/avr/4.9.2/../../../avr/lib/avr5/crtatmega32u4.o
__vector_9                                        /usr/lib/gcc/avr/4.9.2/../../../avr/lib/avr5/crtatmega32u4.o
__vector_default                                  /usr/lib/gcc/avr/4.9.2/../../../avr/lib/avr5/crtatmega32u4.o
__vectors                                         /usr/lib/gcc/avr/4.9.2/../../../avr/lib/avr5/crtatmega32u4.o
_exit                                             /usr/lib/gcc/avr/4.9.2/avr5/libgcc.a(_exit.o)
buf03                                             emu.o
buff3                                             emu.o
eeprom_read_byte                                  /usr/lib/gcc/avr/4.9.2/../../../avr/lib/avr5/libatmega32u4.a(eerd_byte.o)
                                                  ../LUFA/Drivers/USB/Core/AVR8/EndpointStream_AVR8.o
eeprom_update_byte                                /usr/lib/gcc/avr/4.9.2/../../../avr/lib/avr5/libatmega32u4.a(eeupd_byte.o)
                                                  ../LUFA/Drivers/USB/Core/AVR8/EndpointStream_AVR8.o
eeprom_update_r18                                 /usr/lib/gcc/avr/4.9.2/../../../avr/lib/avr5/libatmega32u4.a(eeupd_byte.o)
exit                                              /usr/lib/gcc/avr/4.9.2/avr5/libgcc.a(_exit.o)
                                                  /usr/lib/gcc/avr/4.9.2/../../../avr/lib/avr5/crtatmega32u4.o
forceHardReset                                    emu.o
main                                              emu.o
                                                  /usr/lib/gcc/avr/4.9.2/../../../avr/lib/avr5/crtatmega32u4.o
serial_init                                       emu.o
